C51 COMPILER V9.60.7.0   DELAY                                                             12/28/2025 15:36:46 PAGE 1   


C51 COMPILER V9.60.7.0, COMPILATION OF MODULE DELAY
OBJECT MODULE PLACED IN .\Objects\Delay.obj
COMPILER INVOKED BY: D:\Keil_v5\C51\BIN\C51.EXE Delay.c OPTIMIZE(8,SPEED) BROWSE DEBUG OBJECTEXTEND PRINT(.\Listings\Del
                    -ay.lst) OBJECT(.\Objects\Delay.obj)

line level    source

   1          //------------------------------------------------
   2          // 延时函数（精确延时）
   3          //------------------------------------------------
   4          void Delay_us(unsigned int us)
   5          {
   6   1          while(us--);
   7   1      }
   8          
   9          void Delay_ms(unsigned int ms)
  10          {
  11   1          unsigned int i, j;
  12   1          for(i = 0; i < ms; i++)
  13   1              for(j = 0; j < 120; j++);
  14   1      }


MODULE INFORMATION:   STATIC OVERLAYABLE
   CODE SIZE        =     43    ----
   CONSTANT SIZE    =   ----    ----
   XDATA SIZE       =   ----    ----
   PDATA SIZE       =   ----    ----
   DATA SIZE        =   ----    ----
   IDATA SIZE       =   ----    ----
   BIT SIZE         =   ----    ----
END OF MODULE INFORMATION.


C51 COMPILATION COMPLETE.  0 WARNING(S),  0 ERROR(S)
