C51 COMPILER V9.60.7.0   LCD1602                                                           12/28/2025 15:36:46 PAGE 1   


C51 COMPILER V9.60.7.0, COMPILATION OF MODULE LCD1602
OBJECT MODULE PLACED IN .\Objects\lcd1602.obj
COMPILER INVOKED BY: D:\Keil_v5\C51\BIN\C51.EXE lcd1602.c OPTIMIZE(8,SPEED) BROWSE DEBUG OBJECTEXTEND PRINT(.\Listings\l
                    -cd1602.lst) OBJECT(.\Objects\lcd1602.obj)

line level    source

   1          #include "main.h"
   2          
   3          
   4          //------------------------------------------------
   5          // 引脚定义
   6          //------------------------------------------------
   7          sbit LCD_RS = P2^6;
   8          sbit LCD_RW = P2^5;
   9          sbit LCD_EN = P2^7;
  10          sbit LCD_D4 = P2^1;
  11          sbit LCD_D5 = P2^2;
  12          sbit LCD_D6 = P2^3;
  13          sbit LCD_D7 = P2^4;
  14          
  15          //------------------------------------------------
  16          // LCD 指令定义（提高可读性）
  17          //------------------------------------------------
  18          #define LCD_CLEAR           0x01  // 清屏
  19          #define LCD_HOME            0x02  // 光标归位
  20          #define LCD_ENTRY_MODE      0x06  // 光标右移，不移动显示
  21          #define LCD_DISPLAY_ON      0x0C  // 显示开，光标关，不闪烁
  22          #define LCD_DISPLAY_CURSOR  0x0E  // 显示开，光标开，不闪烁
  23          #define LCD_DISPLAY_BLINK   0x0F  // 显示开，光标开，闪烁
  24          #define LCD_4BIT_2LINE      0x28  // 4位模式，2行，5x7字体
  25          #define LCD_LINE1           0x80  // 第一行起始地址
  26          #define LCD_LINE2           0xC0  // 第二行起始地址
  27          
  28          
  29          //------------------------------------------------
  30          // 发送半字节（4bit）- 底层函数
  31          //------------------------------------------------
  32          void LCD_Send4Bit(unsigned char dat)
  33          {
  34   1          LCD_D7 = (dat >> 3) & 0x01;
  35   1          LCD_D6 = (dat >> 2) & 0x01;
  36   1          LCD_D5 = (dat >> 1) & 0x01;
  37   1          LCD_D4 = dat & 0x01;
  38   1      }
  39          
  40          //------------------------------------------------
  41          // 使能脉冲 - 独立函数提高复用性
  42          //------------------------------------------------
  43          void LCD_EnablePulse(void)
  44          {
  45   1          LCD_EN = 1;
  46   1          Delay_us(1);  // 使能脉冲至少450ns
  47   1          LCD_EN = 0;
  48   1          Delay_us(50); // 命令执行时间
  49   1      }
  50          
  51          //------------------------------------------------
  52          // 写字节（4位模式）- 统一底层接口
  53          //------------------------------------------------
  54          void LCD_WriteByte(unsigned char rs, unsigned char dat)
C51 COMPILER V9.60.7.0   LCD1602                                                           12/28/2025 15:36:46 PAGE 2   

  55          {
  56   1          LCD_RS = rs;  // 0=命令, 1=数据
  57   1          LCD_RW = 0;   // 写模式
  58   1          
  59   1          // 发送高4位
  60   1          LCD_Send4Bit(dat >> 4);
  61   1          LCD_EnablePulse();
  62   1          
  63   1          // 发送低4位
  64   1          LCD_Send4Bit(dat);
  65   1          LCD_EnablePulse();
  66   1          
  67   1          Delay_ms(2);  // 等待命令执行完成
  68   1      }
  69          
  70          //------------------------------------------------
  71          // 发送命令
  72          //------------------------------------------------
  73          void LCD_WriteCommand(unsigned char cmd)
  74          {
  75   1          LCD_WriteByte(0, cmd);
  76   1      }
  77          
  78          //------------------------------------------------
  79          // 发送数据
  80          //------------------------------------------------
  81          void LCD_WriteData(unsigned char dat)
  82          {
  83   1          LCD_WriteByte(1, dat);
  84   1      }
  85          
  86          //------------------------------------------------
  87          // 清屏
  88          //------------------------------------------------
  89          void LCD_Clear(void)
  90          {
  91   1          LCD_WriteCommand(LCD_CLEAR);
  92   1          Delay_ms(5);  // 清屏需要较长时间
  93   1      }
  94          
  95          //------------------------------------------------
  96          // 设置光标位置 (x: 0-15, y: 0-1)
  97          //------------------------------------------------
  98          void LCD_SetCursor(unsigned char x, unsigned char y)
  99          {
 100   1          unsigned char pos;
 101   1          
 102   1          // 限制范围
 103   1          if(x > 15) x = 0;
 104   1          if(y > 1) y = 0;
 105   1          
 106   1          pos = (y == 0) ? (LCD_LINE1 + x) : (LCD_LINE2 + x);
 107   1          LCD_WriteCommand(pos);
 108   1      }
 109          
 110          //------------------------------------------------
 111          // 显示字符
 112          //------------------------------------------------
 113          void LCD_ShowChar(unsigned char x, unsigned char y, char ch)
 114          {
 115   1          LCD_SetCursor(x, y);
 116   1          LCD_WriteData(ch);
C51 COMPILER V9.60.7.0   LCD1602                                                           12/28/2025 15:36:46 PAGE 3   

 117   1      }
 118          
 119          //------------------------------------------------
 120          // 显示字符串
 121          //------------------------------------------------
 122          void LCD_ShowString(unsigned char x, unsigned char y, char *str)
 123          {
 124   1          LCD_SetCursor(x, y);
 125   1          while(*str)
 126   1          {
 127   2              LCD_WriteData(*str++);
 128   2          }
 129   1      }
 130          
 131          //------------------------------------------------
 132          // 显示无符号整数（0-65535）
 133          //------------------------------------------------
 134          void LCD_ShowNum(unsigned char x, unsigned char y, unsigned int num, unsigned char len)
 135          {
 136   1          unsigned char i;
 137   1          unsigned char buf[6];
 138   1          
 139   1          // 数字转字符串
 140   1          for(i = 0; i < len; i++)
 141   1          {
 142   2              buf[len - 1 - i] = (num % 10) + '0';
 143   2              num /= 10;
 144   2          }
 145   1          
 146   1          // 显示
 147   1          LCD_SetCursor(x, y);
 148   1          for(i = 0; i < len; i++)
 149   1          {
 150   2              LCD_WriteData(buf[i]);
 151   2          }
 152   1      }
 153          
 154          //------------------------------------------------
 155          // 显示十六进制数
 156          //------------------------------------------------
 157          void LCD_ShowHex(unsigned char x, unsigned char y, unsigned char hex)
 158          {
 159   1          unsigned char high, low;
 160   1          
 161   1          high = (hex >> 4) & 0x0F;
 162   1          low = hex & 0x0F;
 163   1          
 164   1          LCD_SetCursor(x, y);
 165   1          LCD_WriteData((high < 10) ? (high + '0') : (high - 10 + 'A'));
 166   1          LCD_WriteData((low < 10) ? (low + '0') : (low - 10 + 'A'));
 167   1      }
 168          
 169          //------------------------------------------------
 170          // LCD 初始化（标准初始化流程）
 171          //------------------------------------------------
 172          void LCD_Init(void)
 173          {
 174   1          Delay_ms(50);  // 等待LCD上电稳定
 175   1          
 176   1          LCD_RS = 0;
 177   1          LCD_RW = 0;
 178   1          
C51 COMPILER V9.60.7.0   LCD1602                                                           12/28/2025 15:36:46 PAGE 4   

 179   1          // 初始化序列 - 确保进入4位模式
 180   1          LCD_Send4Bit(0x03);
 181   1          LCD_EnablePulse();
 182   1          Delay_ms(5);
 183   1          
 184   1          LCD_Send4Bit(0x03);
 185   1          LCD_EnablePulse();
 186   1          Delay_ms(5);
 187   1          
 188   1          LCD_Send4Bit(0x03);
 189   1          LCD_EnablePulse();
 190   1          Delay_ms(5);
 191   1          
 192   1          // 设置为4位模式
 193   1          LCD_Send4Bit(0x02);
 194   1          LCD_EnablePulse();
 195   1          Delay_ms(5);
 196   1          
 197   1          // 功能设置
 198   1          LCD_WriteCommand(LCD_4BIT_2LINE);  // 4位，2行，5x7
 199   1          LCD_WriteCommand(LCD_DISPLAY_ON);  // 显示开，光标关
 200   1          LCD_WriteCommand(LCD_CLEAR);       // 清屏
 201   1          Delay_ms(5);
 202   1          LCD_WriteCommand(LCD_ENTRY_MODE);  // 输入模式设置
 203   1      }
 204          
 205          //------------------------------------------------
 206          // 主程序
 207          //------------------------------------------------
 208          
 209          /*
 210          void main(void)
 211          {
 212              unsigned int counter = 0;
 213              
 214              LCD_Init();
 215              
 216              LCD_ShowString(0, 0, "Hello LCD1602!");
 217              LCD_ShowString(0, 1, "Count: ");
 218              
 219              while(1)
 220              {
 221                  LCD_ShowNum(7, 1, counter, 5);
 222                  counter++;
 223                  if(counter > 99999) counter = 0;
 224                  Delay_ms(500);
 225              }
 226          }
 227          */


MODULE INFORMATION:   STATIC OVERLAYABLE
   CODE SIZE        =    430    ----
   CONSTANT SIZE    =   ----    ----
   XDATA SIZE       =   ----    ----
   PDATA SIZE       =   ----    ----
   DATA SIZE        =   ----      19
   IDATA SIZE       =   ----    ----
   BIT SIZE         =   ----    ----
END OF MODULE INFORMATION.


C51 COMPILATION COMPLETE.  0 WARNING(S),  0 ERROR(S)
